// Jest Snapshot v1, https://goo.gl/fbAQLP

exports[`snapshot 1`] = `
<View
  style={
    Object {
      "backgroundColor": "#17588a",
      "height": "100%",
    }
  }
>
  <View
    animated={true}
    animationConfig={
      Object {
        "bounciness": 0,
      }
    }
    animationType="spring"
    indeterminate={false}
    indeterminateAnimationDuration={1000}
    onLayout={[Function]}
    progress={0}
    style={
      Array [
        Object {
          "backgroundColor": undefined,
          "borderColor": "#ffffff",
          "borderRadius": 4,
          "borderWidth": 1,
          "overflow": "hidden",
          "width": 300,
        },
        Object {
          "alignSelf": "center",
          "marginHorizontal": 30,
          "marginVertical": 20,
          "width": 300,
        },
      ]
    }
    testID="progress"
    useNativeDriver={false}
  >
    <View
      style={
        Object {
          "backgroundColor": "#ffffff",
          "height": 6,
          "transform": Array [
            Object {
              "translateX": 0,
            },
            Object {
              "translateX": -149,
            },
            Object {
              "scaleX": 0.0001,
            },
          ],
        }
      }
    />
  </View>
  <View
    style={
      Object {
        "alignItems": "center",
        "borderRadius": 30,
        "height": 300,
        "justifyContent": "center",
        "marginHorizontal": 30,
        "marginVertical": 40,
      }
    }
  >
    <Image
      source={
        Object {
          "uri": "",
        }
      }
      style={
        Object {
          "borderRadius": 30,
          "height": "100%",
          "width": "100%",
        }
      }
      testID="img"
    />
  </View>
  <Text
    style={
      Object {
        "color": "#fff",
        "fontSize": 30,
        "margin": 30,
        "textAlign": "center",
      }
    }
    testID="content"
  >
    
  </Text>
</View>
`;
